// Jest Snapshot v1, https://goo.gl/fbAQLP

exports[`Checkbox test cases Render check 1`] = `
<DocumentFragment>
  <label
    class="css-5y0pmi"
  >
    <input
      id="fffffffff5014"
      type="checkbox"
    />
    <label
      class="css-x787if"
      for="fffffffff5014"
    >
      âœ“
    </label>
  </label>
</DocumentFragment>
`;
